// Jest Snapshot v1, https://goo.gl/fbAQLP

exports[`add header: <h1> 1`] = `
Object {
  "default": [Function],
}
`;
