// Jest Snapshot v1, https://goo.gl/fbAQLP

exports[`containt link: <a> 1`] = `
Object {
  "default": [Function],
}
`;
